≡ƒº¬ Testing Enhanced PDF Generation...
≡ƒôñ Uploading resume...
node : Γ¥î Test 
Failed: Error: 
{"detail":"Job 
description must be 
at least 10 
characters"}
At line:1 char:1
+ node tests/test_pd
f_enhanced.js > 
test_log.txt 2>&1
+ ~~~~~~~~~~~~~~~~~~
~~~~~~~~~~~~~~~~~~~~
~~~~~~~~~~~~~
    + CategoryInfo  
            : NotS  
  pecified: (Γ¥î    
 Test Failed...1    
0 characters"}:    
String) [], Rem    
oteException
    + FullyQualifie 
   dErrorId : Nati  
  veCommandError
 
    at 
testEnhancedPdf (C:\
Users\hp\Desktop\pro
ject\AI-Resume-Analy
zer-master\tests\tes
t_pdf_enhanced.js:44
:34)
    at process.proce
ssTicksAndRejections
 (node:internal/proc
ess/task_queues:104:
5)
